
> test-pro-soccer-coach@0.1.0 test:unit
> jest

